MO seven_bit_adder_subtractor NULL seven_bit_adder_subtractor.v vlg02/seven__bit__adder__subtractor.bin 1582707197
MO one_bit_adder NULL one_bit_adder.v vlg77/one__bit__adder.bin 1582707197
MO seven_bit_adder_subtractor_top NULL seven_bit_adder_subtractor_top.v vlg34/seven__bit__adder__subtractor__top.bin 1582707197
MO rotor NULL rotor.v vlg76/rotor.bin 1582707197
