MO grid_walk_top NULL grid_walk_top.v vlg52/grid__walk__top.bin 1582712031
MO five_bit_adder_subtractor NULL five_bit_adder_subtractor.v vlg37/five__bit__adder__subtractor.bin 1582712031
MO rotor NULL rotor.v vlg76/rotor.bin 1582712031
MO grid NULL grid.v vlg5E/grid.bin 1582712031
MO one_bit_adder_subtractor NULL one_bit_adder_subtractor.v vlg57/one__bit__adder__subtractor.bin 1582712031
